2026-05-28 08:43:23,737 - aqt.main - INFO - installer 29356 aqtinstall(aqt) v3.3.0 on Python 3.12.5 [CPython MSC v.1940 64 bit (AMD64)]
2026-05-28 08:43:23,738 - aqt.helper - DEBUG - helper 29356 Attempt to download checksum at https://download.qt.io/online/qtsdkrepository/windows_x86/desktop/qt6_663/Updates.xml.sha256
2026-05-28 08:43:24,994 - aqt.main - ERROR - installer 29356 The packages ['qt_base'] were not found while parsing XML of package information!
==============================Suggested follow-up:==============================
* Please use 'aqt list-qt windows desktop --arch 6.6.3' to show architectures available.
2026-05-28 08:44:16,556 - aqt.helper - DEBUG - helper 32144 Attempt to download checksum at https://download.qt.io/online/qtsdkrepository/windows_x86/desktop/qt6_663/Updates.xml.sha256
2026-05-28 08:44:18,132 - aqt.helper - DEBUG - helper 32144 Attempt to download checksum at https://download.qt.io/online/qtsdkrepository/windows_x86/desktop/qt6_663_wasm_singlethread/Updates.xml.sha256
2026-05-28 08:44:19,266 - aqt.helper - DEBUG - helper 32144 Attempt to download checksum at https://download.qt.io/online/qtsdkrepository/windows_x86/desktop/qt6_663_wasm_multithread/Updates.xml.sha256
2026-05-28 08:45:39,461 - aqt.main - INFO - installer 31216 aqtinstall(aqt) v3.3.0 on Python 3.12.5 [CPython MSC v.1940 64 bit (AMD64)]
2026-05-28 08:45:39,461 - aqt.helper - DEBUG - helper 31216 Attempt to download checksum at https://download.qt.io/online/qtsdkrepository/windows_x86/desktop/qt6_663/Updates.xml.sha256
2026-05-28 08:45:41,619 - aqt.helper - DEBUG - helper 24744 Attempt to download checksum at https://download.qt.io/online/qtsdkrepository/windows_x86/desktop/qt6_663/qt.qt6.663.win64_msvc2019_64/6.6.3-0-202403191840qtdeclarative-Windows-Windows_10_22H2-MSVC2019-Windows-Windows_10_22H2-X86_64.7z.sha256
2026-05-28 08:45:41,620 - aqt.helper - DEBUG - helper 36648 Attempt to download checksum at https://download.qt.io/online/qtsdkrepository/windows_x86/desktop/qt6_663/qt.qt6.663.win64_msvc2019_64/6.6.3-0-202403191840qtsvg-Windows-Windows_10_22H2-MSVC2019-Windows-Windows_10_22H2-X86_64.7z.sha256
2026-05-28 08:45:41,626 - aqt.helper - DEBUG - helper 26144 Attempt to download checksum at https://download.qt.io/online/qtsdkrepository/windows_x86/desktop/qt6_663/qt.qt6.663.win64_msvc2019_64/6.6.3-0-202403191840qtbase-Windows-Windows_10_22H2-MSVC2019-Windows-Windows_10_22H2-X86_64.7z.sha256
2026-05-28 08:45:41,637 - aqt.helper - DEBUG - helper 2696 Attempt to download checksum at https://download.qt.io/online/qtsdkrepository/windows_x86/desktop/qt6_663/qt.qt6.663.win64_msvc2019_64/6.6.3-0-202403191840qttools-Windows-Windows_10_22H2-MSVC2019-Windows-Windows_10_22H2-X86_64.7z.sha256
2026-05-28 08:45:42,316 - aqt.helper - INFO - helper 26144 Downloading qtbase...
2026-05-28 08:45:42,316 - aqt.installer - DEBUG - installer 26144 Download URL: https://download.qt.io/online/qtsdkrepository/windows_x86/desktop/qt6_663/qt.qt6.663.win64_msvc2019_64/6.6.3-0-202403191840qtbase-Windows-Windows_10_22H2-MSVC2019-Windows-Windows_10_22H2-X86_64.7z
2026-05-28 08:45:42,337 - aqt.helper - INFO - helper 2696 Downloading qttools...
2026-05-28 08:45:42,338 - aqt.installer - DEBUG - installer 2696 Download URL: https://download.qt.io/online/qtsdkrepository/windows_x86/desktop/qt6_663/qt.qt6.663.win64_msvc2019_64/6.6.3-0-202403191840qttools-Windows-Windows_10_22H2-MSVC2019-Windows-Windows_10_22H2-X86_64.7z
2026-05-28 08:45:42,342 - aqt.helper - INFO - helper 24744 Downloading qtdeclarative...
2026-05-28 08:45:42,342 - aqt.installer - DEBUG - installer 24744 Download URL: https://download.qt.io/online/qtsdkrepository/windows_x86/desktop/qt6_663/qt.qt6.663.win64_msvc2019_64/6.6.3-0-202403191840qtdeclarative-Windows-Windows_10_22H2-MSVC2019-Windows-Windows_10_22H2-X86_64.7z
2026-05-28 08:45:42,344 - aqt.helper - INFO - helper 36648 Downloading qtsvg...
2026-05-28 08:45:42,344 - aqt.installer - DEBUG - installer 36648 Download URL: https://download.qt.io/online/qtsdkrepository/windows_x86/desktop/qt6_663/qt.qt6.663.win64_msvc2019_64/6.6.3-0-202403191840qtsvg-Windows-Windows_10_22H2-MSVC2019-Windows-Windows_10_22H2-X86_64.7z
2026-05-28 08:45:42,989 - aqt.helper - DEBUG - helper 26144 Asked to redirect(302) to: https://qtproject.mirror.liquidtelecom.com/online/qtsdkrepository/windows_x86/desktop/qt6_663/qt.qt6.663.win64_msvc2019_64/6.6.3-0-202403191840qtbase-Windows-Windows_10_22H2-MSVC2019-Windows-Windows_10_22H2-X86_64.7z
2026-05-28 08:45:42,989 - aqt.helper - INFO - helper 26144 Redirected: qtproject.mirror.liquidtelecom.com
2026-05-28 08:45:43,020 - aqt.helper - DEBUG - helper 2696 Asked to redirect(302) to: https://qtproject.mirror.liquidtelecom.com/online/qtsdkrepository/windows_x86/desktop/qt6_663/qt.qt6.663.win64_msvc2019_64/6.6.3-0-202403191840qttools-Windows-Windows_10_22H2-MSVC2019-Windows-Windows_10_22H2-X86_64.7z
2026-05-28 08:45:43,020 - aqt.helper - INFO - helper 2696 Redirected: qtproject.mirror.liquidtelecom.com
2026-05-28 08:45:43,027 - aqt.helper - DEBUG - helper 36648 Asked to redirect(302) to: https://qtproject.mirror.liquidtelecom.com/online/qtsdkrepository/windows_x86/desktop/qt6_663/qt.qt6.663.win64_msvc2019_64/6.6.3-0-202403191840qtsvg-Windows-Windows_10_22H2-MSVC2019-Windows-Windows_10_22H2-X86_64.7z
2026-05-28 08:45:43,027 - aqt.helper - INFO - helper 36648 Redirected: qtproject.mirror.liquidtelecom.com
2026-05-28 08:45:43,036 - aqt.helper - DEBUG - helper 24744 Asked to redirect(302) to: https://qtproject.mirror.liquidtelecom.com/online/qtsdkrepository/windows_x86/desktop/qt6_663/qt.qt6.663.win64_msvc2019_64/6.6.3-0-202403191840qtdeclarative-Windows-Windows_10_22H2-MSVC2019-Windows-Windows_10_22H2-X86_64.7z
2026-05-28 08:45:43,036 - aqt.helper - INFO - helper 24744 Redirected: qtproject.mirror.liquidtelecom.com
2026-05-28 08:45:45,699 - aqt.installer - INFO - installer 36648 Finished installation of qtsvg-Windows-Windows_10_22H2-MSVC2019-Windows-Windows_10_22H2-X86_64.7z in 4.08084060
2026-05-28 08:45:45,710 - aqt.helper - DEBUG - helper 36648 Attempt to download checksum at https://download.qt.io/online/qtsdkrepository/windows_x86/desktop/qt6_663/qt.qt6.663.win64_msvc2019_64/6.6.3-0-202403191840qttranslations-Windows-Windows_10_22H2-MSVC2019-Windows-Windows_10_22H2-X86_64.7z.sha256
2026-05-28 08:45:46,294 - aqt.helper - INFO - helper 36648 Downloading qttranslations...
2026-05-28 08:45:46,294 - aqt.installer - DEBUG - installer 36648 Download URL: https://download.qt.io/online/qtsdkrepository/windows_x86/desktop/qt6_663/qt.qt6.663.win64_msvc2019_64/6.6.3-0-202403191840qttranslations-Windows-Windows_10_22H2-MSVC2019-Windows-Windows_10_22H2-X86_64.7z
2026-05-28 08:45:47,200 - aqt.helper - DEBUG - helper 36648 Asked to redirect(302) to: https://qtproject.mirror.liquidtelecom.com/online/qtsdkrepository/windows_x86/desktop/qt6_663/qt.qt6.663.win64_msvc2019_64/6.6.3-0-202403191840qttranslations-Windows-Windows_10_22H2-MSVC2019-Windows-Windows_10_22H2-X86_64.7z
2026-05-28 08:45:47,200 - aqt.helper - INFO - helper 36648 Redirected: qtproject.mirror.liquidtelecom.com
2026-05-28 08:45:53,356 - aqt.installer - INFO - installer 36648 Finished installation of qttranslations-Windows-Windows_10_22H2-MSVC2019-Windows-Windows_10_22H2-X86_64.7z in 7.64805930
2026-05-28 08:45:53,370 - aqt.helper - DEBUG - helper 36648 Attempt to download checksum at https://download.qt.io/online/qtsdkrepository/windows_x86/desktop/qt6_663/qt.qt6.663.win64_msvc2019_64/6.6.3-0-202403191840d3dcompiler_47-x64.7z.sha256
2026-05-28 08:45:53,978 - aqt.helper - INFO - helper 36648 Downloading d3dcompiler_47...
2026-05-28 08:45:53,978 - aqt.installer - DEBUG - installer 36648 Download URL: https://download.qt.io/online/qtsdkrepository/windows_x86/desktop/qt6_663/qt.qt6.663.win64_msvc2019_64/6.6.3-0-202403191840d3dcompiler_47-x64.7z
2026-05-28 08:45:54,567 - aqt.helper - DEBUG - helper 36648 Asked to redirect(302) to: https://qtproject.mirror.liquidtelecom.com/online/qtsdkrepository/windows_x86/desktop/qt6_663/qt.qt6.663.win64_msvc2019_64/6.6.3-0-202403191840d3dcompiler_47-x64.7z
2026-05-28 08:45:54,567 - aqt.helper - INFO - helper 36648 Redirected: qtproject.mirror.liquidtelecom.com
2026-05-28 08:45:59,761 - aqt.installer - INFO - installer 36648 Finished installation of d3dcompiler_47-x64.7z in 6.39303320
2026-05-28 08:45:59,774 - aqt.helper - DEBUG - helper 36648 Attempt to download checksum at https://download.qt.io/online/qtsdkrepository/windows_x86/desktop/qt6_663/qt.qt6.663.win64_msvc2019_64/6.6.3-0-202403191840opengl32sw-64-mesa_11_2_2-signed_sha256.7z.sha256
2026-05-28 08:46:00,471 - aqt.helper - INFO - helper 36648 Downloading opengl32sw...
2026-05-28 08:46:00,472 - aqt.installer - DEBUG - installer 36648 Download URL: https://download.qt.io/online/qtsdkrepository/windows_x86/desktop/qt6_663/qt.qt6.663.win64_msvc2019_64/6.6.3-0-202403191840opengl32sw-64-mesa_11_2_2-signed_sha256.7z
2026-05-28 08:46:01,076 - aqt.helper - DEBUG - helper 36648 Asked to redirect(302) to: https://qtproject.mirror.liquidtelecom.com/online/qtsdkrepository/windows_x86/desktop/qt6_663/qt.qt6.663.win64_msvc2019_64/6.6.3-0-202403191840opengl32sw-64-mesa_11_2_2-signed_sha256.7z
2026-05-28 08:46:01,076 - aqt.helper - INFO - helper 36648 Redirected: qtproject.mirror.liquidtelecom.com
2026-05-28 08:46:11,627 - aqt.installer - INFO - installer 2696 Finished installation of qttools-Windows-Windows_10_22H2-MSVC2019-Windows-Windows_10_22H2-X86_64.7z in 29.99196790
2026-05-28 08:46:13,987 - aqt.installer - INFO - installer 36648 Finished installation of opengl32sw-64-mesa_11_2_2-signed_sha256.7z in 14.21547560
2026-05-28 08:46:16,028 - aqt.installer - INFO - installer 26144 Finished installation of qtbase-Windows-Windows_10_22H2-MSVC2019-Windows-Windows_10_22H2-X86_64.7z in 34.40532830
2026-05-28 08:47:05,261 - aqt.installer - INFO - installer 24744 Finished installation of qtdeclarative-Windows-Windows_10_22H2-MSVC2019-Windows-Windows_10_22H2-X86_64.7z in 83.64320790
2026-05-28 08:47:05,486 - aqt.updater - INFO - updater 31216 Patching C:\Qt\6.6.3\msvc2019_64\bin\qmake.exe
2026-05-28 08:47:05,491 - aqt.updater - INFO - updater 31216 Patching C:\Qt\6.6.3\msvc2019_64\lib\Qt6Concurrent.prl
2026-05-28 08:47:05,500 - aqt.updater - INFO - updater 31216 Patching C:\Qt\6.6.3\msvc2019_64\lib\Qt6Concurrentd.prl
2026-05-28 08:47:05,508 - aqt.updater - INFO - updater 31216 Patching C:\Qt\6.6.3\msvc2019_64\lib\Qt6Core.prl
2026-05-28 08:47:05,516 - aqt.updater - INFO - updater 31216 Patching C:\Qt\6.6.3\msvc2019_64\lib\Qt6Cored.prl
2026-05-28 08:47:05,524 - aqt.updater - INFO - updater 31216 Patching C:\Qt\6.6.3\msvc2019_64\lib\Qt6DBus.prl
2026-05-28 08:47:05,534 - aqt.updater - INFO - updater 31216 Patching C:\Qt\6.6.3\msvc2019_64\lib\Qt6DBusd.prl
2026-05-28 08:47:05,542 - aqt.updater - INFO - updater 31216 Patching C:\Qt\6.6.3\msvc2019_64\lib\Qt6Designer.prl
2026-05-28 08:47:05,550 - aqt.updater - INFO - updater 31216 Patching C:\Qt\6.6.3\msvc2019_64\lib\Qt6DesignerComponents.prl
2026-05-28 08:47:05,558 - aqt.updater - INFO - updater 31216 Patching C:\Qt\6.6.3\msvc2019_64\lib\Qt6DesignerComponentsd.prl
2026-05-28 08:47:05,566 - aqt.updater - INFO - updater 31216 Patching C:\Qt\6.6.3\msvc2019_64\lib\Qt6Designerd.prl
2026-05-28 08:47:05,573 - aqt.updater - INFO - updater 31216 Patching C:\Qt\6.6.3\msvc2019_64\lib\Qt6DeviceDiscoverySupport.prl
2026-05-28 08:47:05,581 - aqt.updater - INFO - updater 31216 Patching C:\Qt\6.6.3\msvc2019_64\lib\Qt6DeviceDiscoverySupportd.prl
2026-05-28 08:47:05,589 - aqt.updater - INFO - updater 31216 Patching C:\Qt\6.6.3\msvc2019_64\lib\Qt6EntryPoint.prl
2026-05-28 08:47:05,598 - aqt.updater - INFO - updater 31216 Patching C:\Qt\6.6.3\msvc2019_64\lib\Qt6EntryPointd.prl
2026-05-28 08:47:05,607 - aqt.updater - INFO - updater 31216 Patching C:\Qt\6.6.3\msvc2019_64\lib\Qt6ExampleIcons.prl
2026-05-28 08:47:05,617 - aqt.updater - INFO - updater 31216 Patching C:\Qt\6.6.3\msvc2019_64\lib\Qt6ExampleIconsd.prl
2026-05-28 08:47:05,624 - aqt.updater - INFO - updater 31216 Patching C:\Qt\6.6.3\msvc2019_64\lib\Qt6FbSupport.prl
2026-05-28 08:47:05,636 - aqt.updater - INFO - updater 31216 Patching C:\Qt\6.6.3\msvc2019_64\lib\Qt6FbSupportd.prl
2026-05-28 08:47:05,645 - aqt.updater - INFO - updater 31216 Patching C:\Qt\6.6.3\msvc2019_64\lib\Qt6Gui.prl
2026-05-28 08:47:05,653 - aqt.updater - INFO - updater 31216 Patching C:\Qt\6.6.3\msvc2019_64\lib\Qt6Guid.prl
2026-05-28 08:47:05,661 - aqt.updater - INFO - updater 31216 Patching C:\Qt\6.6.3\msvc2019_64\lib\Qt6Help.prl
2026-05-28 08:47:05,669 - aqt.updater - INFO - updater 31216 Patching C:\Qt\6.6.3\msvc2019_64\lib\Qt6Helpd.prl
2026-05-28 08:47:05,676 - aqt.updater - INFO - updater 31216 Patching C:\Qt\6.6.3\msvc2019_64\lib\Qt6LabsAnimation.prl
2026-05-28 08:47:05,684 - aqt.updater - INFO - updater 31216 Patching C:\Qt\6.6.3\msvc2019_64\lib\Qt6LabsAnimationd.prl
2026-05-28 08:47:05,693 - aqt.updater - INFO - updater 31216 Patching C:\Qt\6.6.3\msvc2019_64\lib\Qt6LabsFolderListModel.prl
2026-05-28 08:47:05,701 - aqt.updater - INFO - updater 31216 Patching C:\Qt\6.6.3\msvc2019_64\lib\Qt6LabsFolderListModeld.prl
2026-05-28 08:47:05,710 - aqt.updater - INFO - updater 31216 Patching C:\Qt\6.6.3\msvc2019_64\lib\Qt6LabsQmlModels.prl
2026-05-28 08:47:05,719 - aqt.updater - INFO - updater 31216 Patching C:\Qt\6.6.3\msvc2019_64\lib\Qt6LabsQmlModelsd.prl
2026-05-28 08:47:05,728 - aqt.updater - INFO - updater 31216 Patching C:\Qt\6.6.3\msvc2019_64\lib\Qt6LabsSettings.prl
2026-05-28 08:47:05,735 - aqt.updater - INFO - updater 31216 Patching C:\Qt\6.6.3\msvc2019_64\lib\Qt6LabsSettingsd.prl
2026-05-28 08:47:05,744 - aqt.updater - INFO - updater 31216 Patching C:\Qt\6.6.3\msvc2019_64\lib\Qt6LabsSharedImage.prl
2026-05-28 08:47:05,752 - aqt.updater - INFO - updater 31216 Patching C:\Qt\6.6.3\msvc2019_64\lib\Qt6LabsSharedImaged.prl
2026-05-28 08:47:05,760 - aqt.updater - INFO - updater 31216 Patching C:\Qt\6.6.3\msvc2019_64\lib\Qt6LabsWavefrontMesh.prl
2026-05-28 08:47:05,768 - aqt.updater - INFO - updater 31216 Patching C:\Qt\6.6.3\msvc2019_64\lib\Qt6LabsWavefrontMeshd.prl
2026-05-28 08:47:05,775 - aqt.updater - INFO - updater 31216 Patching C:\Qt\6.6.3\msvc2019_64\lib\Qt6Network.prl
2026-05-28 08:47:05,783 - aqt.updater - INFO - updater 31216 Patching C:\Qt\6.6.3\msvc2019_64\lib\Qt6Networkd.prl
2026-05-28 08:47:05,791 - aqt.updater - INFO - updater 31216 Patching C:\Qt\6.6.3\msvc2019_64\lib\Qt6OpenGL.prl
2026-05-28 08:47:05,800 - aqt.updater - INFO - updater 31216 Patching C:\Qt\6.6.3\msvc2019_64\lib\Qt6OpenGLd.prl
2026-05-28 08:47:05,810 - aqt.updater - INFO - updater 31216 Patching C:\Qt\6.6.3\msvc2019_64\lib\Qt6OpenGLWidgets.prl
2026-05-28 08:47:05,819 - aqt.updater - INFO - updater 31216 Patching C:\Qt\6.6.3\msvc2019_64\lib\Qt6OpenGLWidgetsd.prl
2026-05-28 08:47:05,829 - aqt.updater - INFO - updater 31216 Patching C:\Qt\6.6.3\msvc2019_64\lib\Qt6PacketProtocol.prl
2026-05-28 08:47:05,839 - aqt.updater - INFO - updater 31216 Patching C:\Qt\6.6.3\msvc2019_64\lib\Qt6PacketProtocold.prl
2026-05-28 08:47:05,848 - aqt.updater - INFO - updater 31216 Patching C:\Qt\6.6.3\msvc2019_64\lib\Qt6PrintSupport.prl
2026-05-28 08:47:05,856 - aqt.updater - INFO - updater 31216 Patching C:\Qt\6.6.3\msvc2019_64\lib\Qt6PrintSupportd.prl
2026-05-28 08:47:05,863 - aqt.updater - INFO - updater 31216 Patching C:\Qt\6.6.3\msvc2019_64\lib\Qt6Qml.prl
2026-05-28 08:47:05,870 - aqt.updater - INFO - updater 31216 Patching C:\Qt\6.6.3\msvc2019_64\lib\Qt6QmlCompiler.prl
2026-05-28 08:47:05,880 - aqt.updater - INFO - updater 31216 Patching C:\Qt\6.6.3\msvc2019_64\lib\Qt6QmlCompilerd.prl
2026-05-28 08:47:05,888 - aqt.updater - INFO - updater 31216 Patching C:\Qt\6.6.3\msvc2019_64\lib\Qt6QmlCore.prl
2026-05-28 08:47:05,896 - aqt.updater - INFO - updater 31216 Patching C:\Qt\6.6.3\msvc2019_64\lib\Qt6QmlCored.prl
2026-05-28 08:47:05,904 - aqt.updater - INFO - updater 31216 Patching C:\Qt\6.6.3\msvc2019_64\lib\Qt6Qmld.prl
2026-05-28 08:47:05,912 - aqt.updater - INFO - updater 31216 Patching C:\Qt\6.6.3\msvc2019_64\lib\Qt6QmlDebug.prl
2026-05-28 08:47:05,920 - aqt.updater - INFO - updater 31216 Patching C:\Qt\6.6.3\msvc2019_64\lib\Qt6QmlDebugd.prl
2026-05-28 08:47:05,927 - aqt.updater - INFO - updater 31216 Patching C:\Qt\6.6.3\msvc2019_64\lib\Qt6QmlDom.prl
2026-05-28 08:47:05,934 - aqt.updater - INFO - updater 31216 Patching C:\Qt\6.6.3\msvc2019_64\lib\Qt6QmlDomd.prl
2026-05-28 08:47:05,941 - aqt.updater - INFO - updater 31216 Patching C:\Qt\6.6.3\msvc2019_64\lib\Qt6QmlLocalStorage.prl
2026-05-28 08:47:05,949 - aqt.updater - INFO - updater 31216 Patching C:\Qt\6.6.3\msvc2019_64\lib\Qt6QmlLocalStoraged.prl
2026-05-28 08:47:05,957 - aqt.updater - INFO - updater 31216 Patching C:\Qt\6.6.3\msvc2019_64\lib\Qt6QmlLS.prl
2026-05-28 08:47:05,965 - aqt.updater - INFO - updater 31216 Patching C:\Qt\6.6.3\msvc2019_64\lib\Qt6QmlLSd.prl
2026-05-28 08:47:05,974 - aqt.updater - INFO - updater 31216 Patching C:\Qt\6.6.3\msvc2019_64\lib\Qt6QmlModels.prl
2026-05-28 08:47:05,980 - aqt.updater - INFO - updater 31216 Patching C:\Qt\6.6.3\msvc2019_64\lib\Qt6QmlModelsd.prl
2026-05-28 08:47:05,988 - aqt.updater - INFO - updater 31216 Patching C:\Qt\6.6.3\msvc2019_64\lib\Qt6QmlToolingSettings.prl
2026-05-28 08:47:05,996 - aqt.updater - INFO - updater 31216 Patching C:\Qt\6.6.3\msvc2019_64\lib\Qt6QmlToolingSettingsd.prl
2026-05-28 08:47:06,004 - aqt.updater - INFO - updater 31216 Patching C:\Qt\6.6.3\msvc2019_64\lib\Qt6QmlTypeRegistrar.prl
2026-05-28 08:47:06,011 - aqt.updater - INFO - updater 31216 Patching C:\Qt\6.6.3\msvc2019_64\lib\Qt6QmlTypeRegistrard.prl
2026-05-28 08:47:06,019 - aqt.updater - INFO - updater 31216 Patching C:\Qt\6.6.3\msvc2019_64\lib\Qt6QmlWorkerScript.prl
2026-05-28 08:47:06,026 - aqt.updater - INFO - updater 31216 Patching C:\Qt\6.6.3\msvc2019_64\lib\Qt6QmlWorkerScriptd.prl
2026-05-28 08:47:06,034 - aqt.updater - INFO - updater 31216 Patching C:\Qt\6.6.3\msvc2019_64\lib\Qt6QmlXmlListModel.prl
2026-05-28 08:47:06,042 - aqt.updater - INFO - updater 31216 Patching C:\Qt\6.6.3\msvc2019_64\lib\Qt6QmlXmlListModeld.prl
2026-05-28 08:47:06,049 - aqt.updater - INFO - updater 31216 Patching C:\Qt\6.6.3\msvc2019_64\lib\Qt6Quick.prl
2026-05-28 08:47:06,056 - aqt.updater - INFO - updater 31216 Patching C:\Qt\6.6.3\msvc2019_64\lib\Qt6QuickControls2.prl
2026-05-28 08:47:06,063 - aqt.updater - INFO - updater 31216 Patching C:\Qt\6.6.3\msvc2019_64\lib\Qt6QuickControls2Basic.prl
2026-05-28 08:47:06,070 - aqt.updater - INFO - updater 31216 Patching C:\Qt\6.6.3\msvc2019_64\lib\Qt6QuickControls2Basicd.prl
2026-05-28 08:47:06,077 - aqt.updater - INFO - updater 31216 Patching C:\Qt\6.6.3\msvc2019_64\lib\Qt6QuickControls2BasicStyleImpl.prl
2026-05-28 08:47:06,084 - aqt.updater - INFO - updater 31216 Patching C:\Qt\6.6.3\msvc2019_64\lib\Qt6QuickControls2BasicStyleImpld.prl
2026-05-28 08:47:06,091 - aqt.updater - INFO - updater 31216 Patching C:\Qt\6.6.3\msvc2019_64\lib\Qt6QuickControls2d.prl
2026-05-28 08:47:06,098 - aqt.updater - INFO - updater 31216 Patching C:\Qt\6.6.3\msvc2019_64\lib\Qt6QuickControls2Fusion.prl
2026-05-28 08:47:06,105 - aqt.updater - INFO - updater 31216 Patching C:\Qt\6.6.3\msvc2019_64\lib\Qt6QuickControls2Fusiond.prl
2026-05-28 08:47:06,113 - aqt.updater - INFO - updater 31216 Patching C:\Qt\6.6.3\msvc2019_64\lib\Qt6QuickControls2FusionStyleImpl.prl
2026-05-28 08:47:06,120 - aqt.updater - INFO - updater 31216 Patching C:\Qt\6.6.3\msvc2019_64\lib\Qt6QuickControls2FusionStyleImpld.prl
2026-05-28 08:47:06,128 - aqt.updater - INFO - updater 31216 Patching C:\Qt\6.6.3\msvc2019_64\lib\Qt6QuickControls2Imagine.prl
2026-05-28 08:47:06,135 - aqt.updater - INFO - updater 31216 Patching C:\Qt\6.6.3\msvc2019_64\lib\Qt6QuickControls2Imagined.prl
2026-05-28 08:47:06,142 - aqt.updater - INFO - updater 31216 Patching C:\Qt\6.6.3\msvc2019_64\lib\Qt6QuickControls2ImagineStyleImpl.prl
2026-05-28 08:47:06,150 - aqt.updater - INFO - updater 31216 Patching C:\Qt\6.6.3\msvc2019_64\lib\Qt6QuickControls2ImagineStyleImpld.prl
2026-05-28 08:47:06,159 - aqt.updater - INFO - updater 31216 Patching C:\Qt\6.6.3\msvc2019_64\lib\Qt6QuickControls2Impl.prl
2026-05-28 08:47:06,166 - aqt.updater - INFO - updater 31216 Patching C:\Qt\6.6.3\msvc2019_64\lib\Qt6QuickControls2Impld.prl
2026-05-28 08:47:06,173 - aqt.updater - INFO - updater 31216 Patching C:\Qt\6.6.3\msvc2019_64\lib\Qt6QuickControls2Material.prl
2026-05-28 08:47:06,181 - aqt.updater - INFO - updater 31216 Patching C:\Qt\6.6.3\msvc2019_64\lib\Qt6QuickControls2Materiald.prl
2026-05-28 08:47:06,188 - aqt.updater - INFO - updater 31216 Patching C:\Qt\6.6.3\msvc2019_64\lib\Qt6QuickControls2MaterialStyleImpl.prl
2026-05-28 08:47:06,195 - aqt.updater - INFO - updater 31216 Patching C:\Qt\6.6.3\msvc2019_64\lib\Qt6QuickControls2MaterialStyleImpld.prl
2026-05-28 08:47:06,202 - aqt.updater - INFO - updater 31216 Patching C:\Qt\6.6.3\msvc2019_64\lib\Qt6QuickControls2Universal.prl
2026-05-28 08:47:06,208 - aqt.updater - INFO - updater 31216 Patching C:\Qt\6.6.3\msvc2019_64\lib\Qt6QuickControls2Universald.prl
2026-05-28 08:47:06,216 - aqt.updater - INFO - updater 31216 Patching C:\Qt\6.6.3\msvc2019_64\lib\Qt6QuickControls2UniversalStyleImpl.prl
2026-05-28 08:47:06,222 - aqt.updater - INFO - updater 31216 Patching C:\Qt\6.6.3\msvc2019_64\lib\Qt6QuickControls2UniversalStyleImpld.prl
2026-05-28 08:47:06,229 - aqt.updater - INFO - updater 31216 Patching C:\Qt\6.6.3\msvc2019_64\lib\Qt6QuickControlsTestUtils.prl
2026-05-28 08:47:06,237 - aqt.updater - INFO - updater 31216 Patching C:\Qt\6.6.3\msvc2019_64\lib\Qt6QuickControlsTestUtilsd.prl
2026-05-28 08:47:06,245 - aqt.updater - INFO - updater 31216 Patching C:\Qt\6.6.3\msvc2019_64\lib\Qt6Quickd.prl
2026-05-28 08:47:06,252 - aqt.updater - INFO - updater 31216 Patching C:\Qt\6.6.3\msvc2019_64\lib\Qt6QuickDialogs2.prl
2026-05-28 08:47:06,258 - aqt.updater - INFO - updater 31216 Patching C:\Qt\6.6.3\msvc2019_64\lib\Qt6QuickDialogs2d.prl
2026-05-28 08:47:06,266 - aqt.updater - INFO - updater 31216 Patching C:\Qt\6.6.3\msvc2019_64\lib\Qt6QuickDialogs2QuickImpl.prl
2026-05-28 08:47:06,272 - aqt.updater - INFO - updater 31216 Patching C:\Qt\6.6.3\msvc2019_64\lib\Qt6QuickDialogs2QuickImpld.prl
2026-05-28 08:47:06,281 - aqt.updater - INFO - updater 31216 Patching C:\Qt\6.6.3\msvc2019_64\lib\Qt6QuickDialogs2Utils.prl
2026-05-28 08:47:06,289 - aqt.updater - INFO - updater 31216 Patching C:\Qt\6.6.3\msvc2019_64\lib\Qt6QuickDialogs2Utilsd.prl
2026-05-28 08:47:06,296 - aqt.updater - INFO - updater 31216 Patching C:\Qt\6.6.3\msvc2019_64\lib\Qt6QuickEffects.prl
2026-05-28 08:47:06,302 - aqt.updater - INFO - updater 31216 Patching C:\Qt\6.6.3\msvc2019_64\lib\Qt6QuickEffectsd.prl
2026-05-28 08:47:06,309 - aqt.updater - INFO - updater 31216 Patching C:\Qt\6.6.3\msvc2019_64\lib\Qt6QuickLayouts.prl
2026-05-28 08:47:06,325 - aqt.updater - INFO - updater 31216 Patching C:\Qt\6.6.3\msvc2019_64\lib\Qt6QuickLayoutsd.prl
2026-05-28 08:47:06,332 - aqt.updater - INFO - updater 31216 Patching C:\Qt\6.6.3\msvc2019_64\lib\Qt6QuickParticles.prl
2026-05-28 08:47:06,339 - aqt.updater - INFO - updater 31216 Patching C:\Qt\6.6.3\msvc2019_64\lib\Qt6QuickParticlesd.prl
2026-05-28 08:47:06,345 - aqt.updater - INFO - updater 31216 Patching C:\Qt\6.6.3\msvc2019_64\lib\Qt6QuickShapes.prl
2026-05-28 08:47:06,368 - aqt.updater - INFO - updater 31216 Patching C:\Qt\6.6.3\msvc2019_64\lib\Qt6QuickShapesd.prl
2026-05-28 08:47:06,376 - aqt.updater - INFO - updater 31216 Patching C:\Qt\6.6.3\msvc2019_64\lib\Qt6QuickTemplates2.prl
2026-05-28 08:47:06,382 - aqt.updater - INFO - updater 31216 Patching C:\Qt\6.6.3\msvc2019_64\lib\Qt6QuickTemplates2d.prl
2026-05-28 08:47:06,389 - aqt.updater - INFO - updater 31216 Patching C:\Qt\6.6.3\msvc2019_64\lib\Qt6QuickTest.prl
2026-05-28 08:47:06,395 - aqt.updater - INFO - updater 31216 Patching C:\Qt\6.6.3\msvc2019_64\lib\Qt6QuickTestd.prl
2026-05-28 08:47:06,401 - aqt.updater - INFO - updater 31216 Patching C:\Qt\6.6.3\msvc2019_64\lib\Qt6QuickTestUtils.prl
2026-05-28 08:47:06,408 - aqt.updater - INFO - updater 31216 Patching C:\Qt\6.6.3\msvc2019_64\lib\Qt6QuickTestUtilsd.prl
2026-05-28 08:47:06,414 - aqt.updater - INFO - updater 31216 Patching C:\Qt\6.6.3\msvc2019_64\lib\Qt6QuickWidgets.prl
2026-05-28 08:47:06,421 - aqt.updater - INFO - updater 31216 Patching C:\Qt\6.6.3\msvc2019_64\lib\Qt6QuickWidgetsd.prl
2026-05-28 08:47:06,427 - aqt.updater - INFO - updater 31216 Patching C:\Qt\6.6.3\msvc2019_64\lib\Qt6Sql.prl
2026-05-28 08:47:06,661 - aqt.updater - INFO - updater 31216 Patching C:\Qt\6.6.3\msvc2019_64\lib\Qt6Sqld.prl
2026-05-28 08:47:06,667 - aqt.updater - INFO - updater 31216 Patching C:\Qt\6.6.3\msvc2019_64\lib\Qt6Svg.prl
2026-05-28 08:47:06,674 - aqt.updater - INFO - updater 31216 Patching C:\Qt\6.6.3\msvc2019_64\lib\Qt6Svgd.prl
2026-05-28 08:47:06,680 - aqt.updater - INFO - updater 31216 Patching C:\Qt\6.6.3\msvc2019_64\lib\Qt6SvgWidgets.prl
2026-05-28 08:47:06,686 - aqt.updater - INFO - updater 31216 Patching C:\Qt\6.6.3\msvc2019_64\lib\Qt6SvgWidgetsd.prl
2026-05-28 08:47:06,693 - aqt.updater - INFO - updater 31216 Patching C:\Qt\6.6.3\msvc2019_64\lib\Qt6Test.prl
2026-05-28 08:47:06,699 - aqt.updater - INFO - updater 31216 Patching C:\Qt\6.6.3\msvc2019_64\lib\Qt6Testd.prl
2026-05-28 08:47:06,706 - aqt.updater - INFO - updater 31216 Patching C:\Qt\6.6.3\msvc2019_64\lib\Qt6UiTools.prl
2026-05-28 08:47:06,713 - aqt.updater - INFO - updater 31216 Patching C:\Qt\6.6.3\msvc2019_64\lib\Qt6UiToolsd.prl
2026-05-28 08:47:06,719 - aqt.updater - INFO - updater 31216 Patching C:\Qt\6.6.3\msvc2019_64\lib\Qt6Widgets.prl
2026-05-28 08:47:06,726 - aqt.updater - INFO - updater 31216 Patching C:\Qt\6.6.3\msvc2019_64\lib\Qt6Widgetsd.prl
2026-05-28 08:47:06,732 - aqt.updater - INFO - updater 31216 Patching C:\Qt\6.6.3\msvc2019_64\lib\Qt6Xml.prl
2026-05-28 08:47:06,738 - aqt.updater - INFO - updater 31216 Patching C:\Qt\6.6.3\msvc2019_64\lib\Qt6Xmld.prl
2026-05-28 08:47:06,746 - aqt.main - INFO - installer 31216 Finished installation
2026-05-28 08:47:06,746 - aqt.main - INFO - installer 31216 Time elapsed: 87.28558780 second
