[11:03:39.635] App starting
[11:03:39.642] Subtitle preference loaded: mode=default, lang=(none)
[11:03:40.093] Keyboard hook handle: 0x5D4F0FCD
[11:03:40.093] Mouse hook handle: 0x605E11D7
[11:03:40.095] OnLoadedCore start
[11:03:42.208] ChildHwnd = 0x2710DC
[11:03:42.384] Calling AttachAsync
[11:03:42.408] AttachAsync succeeded
[11:03:42.434] OnLoadedCore complete
[11:03:42.582] BuildFolderPlaylist: scanned 6 video file(s) in 'F:\Movies'
[11:03:43.166] BuildFolderPlaylist: queued 6 files; current at idx 1 — prev/next now visible
[11:03:44.484] WS: playing file changed → 'Hoppers 2026 1080p WEB-DL Egyptian Dubbed.mp4' (dur=6267.7)
[11:04:02.310] Window closed
[17:41:22.244] App starting
[17:41:22.250] Subtitle preference loaded: mode=off, lang=(none)
[17:41:22.608] Keyboard hook handle: 0x4BB02A5
[17:41:22.609] Mouse hook handle: 0x1A50695
[17:41:22.611] OnLoadedCore start
[17:41:24.701] ChildHwnd = 0x30E98
[17:41:24.865] Calling AttachAsync
[17:41:27.992] AttachAsync succeeded
[17:41:28.024] OnLoadedCore complete
[17:41:28.172] BuildFolderPlaylist: scanned 6 video file(s) in 'F:\Movies'
[17:41:29.696] BuildFolderPlaylist: queued 6 files; current at idx 1 — prev/next now visible
[17:41:30.057] WS: playing file changed → 'Hoppers 2026 1080p WEB-DL Egyptian Dubbed.mp4' (dur=6267.7)
[17:41:41.060] Window closed
